Command line invocation:
    /Applications/Xcode-beta.app/Contents/Developer/usr/bin/xcodebuild -scheme BooksTracker -configuration Debug -destination "platform=iOS,name=juju iPhone" clean build

Resolve Package Graph


Resolved source packages:
  swift-collections: https://github.com/apple/swift-collections @ 1.3.0
  swift-argument-parser: https://github.com/apple/swift-argument-parser @ 1.6.2
  Yams: https://github.com/jpsim/Yams @ 6.2.0
  swift-openapi-runtime: https://github.com/apple/swift-openapi-runtime @ 1.8.3
  swift-numerics: https://github.com/apple/swift-numerics.git @ 1.1.1
  BooksTrackerFeature: /Users/juju/dev_repos/books-v3/BooksTrackerPackage
  OpenAPIKit: https://github.com/mattpolzin/OpenAPIKit @ 3.9.0
  swift-algorithms: https://github.com/apple/swift-algorithms @ 1.2.1
  swift-openapi-generator: https://github.com/apple/swift-openapi-generator @ 1.10.3
  swift-openapi-urlsession: https://github.com/apple/swift-openapi-urlsession @ 1.2.0
  swift-http-types: https://github.com/apple/swift-http-types @ 1.5.1

2025-12-03 17:08:20.636 xcodebuild[64536:985123] Writing error result bundle to /var/folders/m5/z_nkh5g907n_94hxymrv3zfr0000gn/T/ResultBundle_2025-03-12_17-08-0020.xcresult
xcodebuild: error: Unable to find a device matching the provided destination specifier:
		{ platform:iOS, name:juju iPhone }

	The requested device could not be found because no available devices matched the request.

	Available destinations for the "BooksTracker" scheme:
		{ platform:iOS, arch:arm64, id:00008140-001A70541EE0801C, name:justin_16p256 }
		{ platform:iOS, id:dvtdevice-DVTiPhonePlaceholder-iphoneos:placeholder, name:Any iOS Device }
		{ platform:iOS Simulator, id:dvtdevice-DVTiOSDeviceSimulatorPlaceholder-iphonesimulator:placeholder, name:Any iOS Simulator Device }
		{ platform:iOS Simulator, arch:arm64, id:62FBA7CB-3345-47DC-AC4C-AC7D21161412, OS:26.2, name:iPad (A16) }
		{ platform:iOS Simulator, arch:arm64, id:DA4B25CA-0B38-4D50-81EA-1720312E664D, OS:26.2, name:iPad Air 11-inch (M3) }
		{ platform:iOS Simulator, arch:arm64, id:F54FD80C-FDA5-45A3-AE36-EB892450A497, OS:26.2, name:iPad Air 13-inch (M3) }
		{ platform:iOS Simulator, arch:arm64, id:439BC83B-8D74-47E2-A604-52595060DC09, OS:26.2, name:iPad Pro 11-inch (M5) }
		{ platform:iOS Simulator, arch:arm64, id:772AC2BF-6B7A-4247-A1AE-9D83B6498106, OS:26.2, name:iPad Pro 13-inch (M5) }
		{ platform:iOS Simulator, arch:arm64, id:CD3DE1EF-4250-4677-9FE4-D85C5B51FA82, OS:26.2, name:iPad mini (A17 Pro) }
		{ platform:iOS Simulator, arch:arm64, id:7DE1CC7C-8421-49FF-BB6E-F26690666327, OS:26.2, name:iPhone 16e }
		{ platform:iOS Simulator, arch:arm64, id:DC32A0E8-ED36-4526-9CB0-2E26BD42BC5A, OS:26.2, name:iPhone 17 }
		{ platform:iOS Simulator, arch:arm64, id:7C5AF074-4D44-4E57-973A-923C2FEAD371, OS:26.2, name:iPhone 17 Pro }
		{ platform:iOS Simulator, arch:arm64, id:EA05BEFA-7209-4162-9286-C2D7209B4DFF, OS:26.2, name:iPhone 17 Pro Max }
		{ platform:iOS Simulator, arch:arm64, id:D21879A8-476E-4982-AE97-256C26B11066, OS:26.2, name:iPhone Air }
